[train] pip installing ('numpy<2', 'ultralytics', 'rasterio', 'pillow') ...
WARNING: Running pip as the 'root' user can result in broken permissions and conflicting behaviour with the system package manager. It is recommended to use a virtual environment instead: https://pip.pypa.io/warnings/venv

[notice] A new release of pip is available: 23.3.1 -> 26.1.2
[notice] To update, run: python3 -m pip install --upgrade pip
[train] fetching USA_AZ_Tucson (https://ndownloader.figshare.com/files/28887792) ...
[train] fetching USA_KS_Colwich_Maize (https://ndownloader.figshare.com/files/28887795) ...
/workspace/repo/scripts/gridvision_train/train.py:202: DeprecationWarning: BILINEAR is deprecated and will be removed in Pillow 10 (2023-07-01). Use Resampling.BILINEAR instead.
  im = im.resize((ow, oh), Image.BILINEAR)                 # the 0.60 m image
[train] dataset: {"data_yaml": "/workspace/gv_out/dataset/data.yaml", "images": {"train": 330, "val": 461}, "boxes": {"train": 1055, "val": 1415}, "n_images": 74, "skipped_no_image": 0, "tiles_empty_skipped": 1345, "tile": 640, "stride": 512, "downsample_factor": 2.0, "classes": ["tower"], "holdout_region": "USA_KS_Colwich_Maize", "split_mode": "holdout_region", "n_train_images": 26, "n_val_images": 48}
WARNING ⚠️ user config directory '/root/.config/Ultralytics' is not writable, using '/tmp/Ultralytics'. Set YOLO_CONFIG_DIR to override.
Creating new Ultralytics Settings v0.0.6 file ✅ 
View Ultralytics Settings with 'yolo settings' or at '/tmp/Ultralytics/settings.json'
Update Settings with 'yolo settings key=value', i.e. 'yolo settings runs_dir=path/to/dir'. For help see https://docs.ultralytics.com/quickstart/#ultralytics-settings.
Downloading https://github.com/ultralytics/assets/releases/download/v8.4.0/yolov8s.pt to 'yolov8s.pt': 100% ━━━━━━━━━━━━ 21.5MB 99.9MB/s 0.2s
Ultralytics 8.4.90 🚀 Python-3.10.12 torch-2.1.0+cu118 CUDA:0 (NVIDIA GeForce RTX 4090, 24110MiB)
[34m[1mengine/trainer: [0magnostic_nms=False, amp=True, angle=1.0, augment=False, auto_augment=randaugment, batch=16, bgr=0.0, box=7.5, cache=False, cfg=None, classes=None, close_mosaic=10, cls=0.5, cls_pw=0.0, compile=False, conf=None, copy_paste=0.2, copy_paste_mode=flip, cos_lr=False, cutmix=0.0, data=/workspace/gv_out/dataset/data.yaml, degrees=10.0, deterministic=True, device=0, dfl=1.5, dis=6.0, distill_model=None, dnn=False, dropout=0.0, dynamic=False, embed=None, end2end=None, epochs=80, erasing=0.4, exist_ok=True, fliplr=0.5, flipud=0.5, format=torchscript, fraction=1.0, freeze=None, hsv_h=0.02, hsv_s=0.8, hsv_v=0.5, imgsz=640, iou=0.7, keras=False, kobj=1.0, line_width=None, lr0=0.01, lrf=0.01, mask_ratio=4, max_det=300, mixup=0.15, mode=train, model=yolov8s.pt, momentum=0.937, mosaic=1.0, multi_scale=0.0, name=tower_v0, nbs=64, nms=False, opset=None, optimize=False, optimizer=auto, overlap_mask=True, patience=100, perspective=0.0005, plots=True, pose=12.0, pretrained=True, profile=False, project=/workspace/gv_out, quantize=None, rect=False, resume=False, retina_masks=False, rle=1.0, save=True, save_conf=False, save_crop=False, save_dir=/workspace/gv_out/tower_v0, save_frames=False, save_json=False, save_period=-1, save_txt=False, scale=0.6, seed=0, shear=2.0, show=False, show_boxes=True, show_conf=True, show_labels=True, simplify=True, single_cls=False, source=None, split=val, stream_buffer=False, task=detect, time=None, tracker=tracktrack.yaml, translate=0.15, val=True, verbose=True, vid_stride=1, visualize=False, warmup_bias_lr=0.1, warmup_epochs=3.0, warmup_momentum=0.8, weight_decay=0.0005, workers=8, workspace=None
Downloading https://ultralytics.com/assets/Arial.ttf to '/tmp/Ultralytics/Arial.ttf': 100% ━━━━━━━━━━━━ 755.1KB 27.8MB/s 0.0s
Overriding model.yaml nc=80 with nc=1

                   from  n    params  module                                       arguments                     
  0                  -1  1       928  ultralytics.nn.modules.conv.Conv             [3, 32, 3, 2]                 
  1                  -1  1     18560  ultralytics.nn.modules.conv.Conv             [32, 64, 3, 2]                
  2                  -1  1     29056  ultralytics.nn.modules.block.C2f             [64, 64, 1, True]             
  3                  -1  1     73984  ultralytics.nn.modules.conv.Conv             [64, 128, 3, 2]               
  4                  -1  2    197632  ultralytics.nn.modules.block.C2f             [128, 128, 2, True]           
  5                  -1  1    295424  ultralytics.nn.modules.conv.Conv             [128, 256, 3, 2]              
  6                  -1  2    788480  ultralytics.nn.modules.block.C2f             [256, 256, 2, True]           
  7                  -1  1   1180672  ultralytics.nn.modules.conv.Conv             [256, 512, 3, 2]              
  8                  -1  1   1838080  ultralytics.nn.modules.block.C2f             [512, 512, 1, True]           
  9                  -1  1    656896  ultralytics.nn.modules.block.SPPF            [512, 512, 5]                 
 10                  -1  1         0  torch.nn.modules.upsampling.Upsample         [None, 2, 'nearest']          
 11             [-1, 6]  1         0  ultralytics.nn.modules.conv.Concat           [1]                           
 12                  -1  1    591360  ultralytics.nn.modules.block.C2f             [768, 256, 1]                 
 13                  -1  1         0  torch.nn.modules.upsampling.Upsample         [None, 2, 'nearest']          
 14             [-1, 4]  1         0  ultralytics.nn.modules.conv.Concat           [1]                           
 15                  -1  1    148224  ultralytics.nn.modules.block.C2f             [384, 128, 1]                 
 16                  -1  1    147712  ultralytics.nn.modules.conv.Conv             [128, 128, 3, 2]              
 17            [-1, 12]  1         0  ultralytics.nn.modules.conv.Concat           [1]                           
 18                  -1  1    493056  ultralytics.nn.modules.block.C2f             [384, 256, 1]                 
 19                  -1  1    590336  ultralytics.nn.modules.conv.Conv             [256, 256, 3, 2]              
 20             [-1, 9]  1         0  ultralytics.nn.modules.conv.Concat           [1]                           
 21                  -1  1   1969152  ultralytics.nn.modules.block.C2f             [768, 512, 1]                 
 22        [15, 18, 21]  1   2116435  ultralytics.nn.modules.head.Detect           [1, 16, None, [128, 256, 512]]
Model summary: 130 layers, 11,135,987 parameters, 11,135,971 gradients, 28.6 GFLOPs

Transferred 349/355 items from pretrained weights
Freezing layer 'model.22.dfl.conv.weight'
[34m[1mAMP: [0mrunning Automatic Mixed Precision (AMP) checks...
Downloading https://github.com/ultralytics/assets/releases/download/v8.4.0/yolo26n.pt to 'yolo26n.pt': 100% ━━━━━━━━━━━━ 5.3MB 80.6MB/s 0.1s
[34m[1mAMP: [0mchecks passed ✅
[34m[1mtrain: [0mFast image access ✅ (ping: 0.3±0.0 ms, read: 127.3±9.4 MB/s, size: 495.8 KB)
[34m[1mtrain: [0mScanning /workspace/gv_out/dataset/labels/train... 330 images, 0 backgrounds, 0 corrupt: 100% ━━━━━━━━━━━━ 330/330 727.3it/s 0.5s
[34m[1mtrain: [0mNew cache created: /workspace/gv_out/dataset/labels/train.cache
[34m[1mval: [0mFast image access ✅ (ping: 0.3±0.1 ms, read: 147.0±7.7 MB/s, size: 443.9 KB)
[34m[1mval: [0mScanning /workspace/gv_out/dataset/labels/val... 461 images, 0 backgrounds, 0 corrupt: 100% ━━━━━━━━━━━━ 461/461 929.3it/s 0.5s
[34m[1mval: [0mNew cache created: /workspace/gv_out/dataset/labels/val.cache
[34m[1moptimizer:[0m 'optimizer=auto' found, ignoring 'lr0=0.01' and 'momentum=0.937' and determining best 'optimizer', 'lr0' and 'momentum' automatically... 
[34m[1moptimizer:[0m AdamW(lr=0.002, momentum=0.9) with parameter groups 57 weight(decay=0.0), 64 weight(decay=0.0005), 63 bias(decay=0.0)
Plotting labels to /workspace/gv_out/tower_v0/labels.jpg... 
Image sizes 640 train, 640 val
Using 8 dataloader workers
Logging results to [1m/workspace/gv_out/tower_v0[0m
Starting training for 80 epochs...

      Epoch    GPU_mem   box_loss   cls_loss   dfl_loss  Instances       Size
       1/80      3.64G       3.79      12.76      2.148         37        640: 100% ━━━━━━━━━━━━ 21/21 4.1it/s 5.2s
                 Class     Images  Instances      Box(P          R      mAP50  mAP50-95): 100% ━━━━━━━━━━━━ 15/15 5.6it/s 2.7s
                   all        461       1415     0.0234      0.113    0.00676    0.00179

      Epoch    GPU_mem   box_loss   cls_loss   dfl_loss  Instances       Size
       2/80       4.4G      3.109      3.614      1.545         54        640: 100% ━━━━━━━━━━━━ 21/21 14.8it/s 1.4s
                 Class     Images  Instances      Box(P          R      mAP50  mAP50-95): 100% ━━━━━━━━━━━━ 15/15 11.2it/s 1.3s
                   all        461       1415     0.0166     0.0643    0.00346   0.000909

      Epoch    GPU_mem   box_loss   cls_loss   dfl_loss  Instances       Size
       3/80      4.42G      2.974      2.912      1.469         24        640: 100% ━━━━━━━━━━━━ 21/21 14.6it/s 1.4s
                 Class     Images  Instances      Box(P          R      mAP50  mAP50-95): 100% ━━━━━━━━━━━━ 15/15 8.1it/s 1.9s
                   all        461       1415   0.000723     0.0707   5.44e-05   1.07e-05

      Epoch    GPU_mem   box_loss   cls_loss   dfl_loss  Instances       Size
       4/80      4.42G      2.848      2.619      1.469         39        640: 100% ━━━━━━━━━━━━ 21/21 15.6it/s 1.3s
                 Class     Images  Instances      Box(P          R      mAP50  mAP50-95): 100% ━━━━━━━━━━━━ 15/15 7.8it/s 1.9s
                   all        461       1415   0.000159     0.0155   5.12e-06   2.41e-06

      Epoch    GPU_mem   box_loss   cls_loss   dfl_loss  Instances       Size
       5/80      4.42G      2.898      2.688      1.454         45        640: 100% ━━━━━━━━━━━━ 21/21 15.2it/s 1.4s
                 Class     Images  Instances      Box(P          R      mAP50  mAP50-95): 100% ━━━━━━━━━━━━ 15/15 6.8it/s 2.2s
                   all        461       1415   0.000354     0.0332   1.46e-05   2.93e-06

      Epoch    GPU_mem   box_loss   cls_loss   dfl_loss  Instances       Size
       6/80      4.42G      2.882      2.544      1.438         25        640: 100% ━━━━━━━━━━━━ 21/21 14.4it/s 1.5s
                 Class     Images  Instances      Box(P          R      mAP50  mAP50-95): 100% ━━━━━━━━━━━━ 15/15 13.2it/s 1.1s
                   all        461       1415      0.036      0.017    0.00208   0.000609

      Epoch    GPU_mem   box_loss   cls_loss   dfl_loss  Instances       Size
       7/80      4.42G      2.862      2.421      1.431         45        640: 100% ━━━━━━━━━━━━ 21/21 15.2it/s 1.4s
                 Class     Images  Instances      Box(P          R      mAP50  mAP50-95): 100% ━━━━━━━━━━━━ 15/15 12.0it/s 1.2s
                   all        461       1415     0.0022      0.194   0.000501   0.000119

      Epoch    GPU_mem   box_loss   cls_loss   dfl_loss  Instances       Size
       8/80      4.42G      2.786      2.398       1.39         51        640: 100% ━━━━━━━━━━━━ 21/21 15.4it/s 1.4s
                 Class     Images  Instances      Box(P          R      mAP50  mAP50-95): 100% ━━━━━━━━━━━━ 15/15 10.1it/s 1.5s
                   all        461       1415     0.0529     0.0702     0.0151    0.00512

      Epoch    GPU_mem   box_loss   cls_loss   dfl_loss  Instances       Size
       9/80      4.42G      2.676      2.225      1.376         32        640: 100% ━━━━━━━━━━━━ 21/21 14.9it/s 1.4s
                 Class     Images  Instances      Box(P          R      mAP50  mAP50-95): 100% ━━━━━━━━━━━━ 15/15 11.9it/s 1.3s
                   all        461       1415     0.0717     0.0572     0.0147    0.00315

      Epoch    GPU_mem   box_loss   cls_loss   dfl_loss  Instances       Size
      10/80      4.42G      2.645       2.25      1.383         77        640: 100% ━━━━━━━━━━━━ 21/21 13.9it/s 1.5s
                 Class     Images  Instances      Box(P          R      mAP50  mAP50-95): 100% ━━━━━━━━━━━━ 15/15 11.5it/s 1.3s
                   all        461       1415    0.00476      0.024   0.000815   0.000219

      Epoch    GPU_mem   box_loss   cls_loss   dfl_loss  Instances       Size
      11/80      4.42G      2.732      2.347      1.384         68        640: 100% ━━━━━━━━━━━━ 21/21 15.8it/s 1.3s
                 Class     Images  Instances      Box(P          R      mAP50  mAP50-95): 100% ━━━━━━━━━━━━ 15/15 11.4it/s 1.3s
                   all        461       1415      0.108      0.124     0.0369    0.00856

      Epoch    GPU_mem   box_loss   cls_loss   dfl_loss  Instances       Size
      12/80      4.42G      2.685      2.218      1.348         44        640: 100% ━━━━━━━━━━━━ 21/21 15.8it/s 1.3s
                 Class     Images  Instances      Box(P          R      mAP50  mAP50-95): 100% ━━━━━━━━━━━━ 15/15 11.9it/s 1.3s
                   all        461       1415     0.0588     0.0587     0.0143    0.00389

      Epoch    GPU_mem   box_loss   cls_loss   dfl_loss  Instances       Size
      13/80      4.42G      2.613      2.165      1.366         41        640: 100% ━━━━━━━━━━━━ 21/21 16.1it/s 1.3s
                 Class     Images  Instances      Box(P          R      mAP50  mAP50-95): 100% ━━━━━━━━━━━━ 15/15 12.2it/s 1.2s
                   all        461       1415       0.08      0.127     0.0279    0.00715

      Epoch    GPU_mem   box_loss   cls_loss   dfl_loss  Instances       Size
      14/80      4.42G      2.533      2.105      1.321         46        640: 100% ━━━━━━━━━━━━ 21/21 16.0it/s 1.3s
                 Class     Images  Instances      Box(P          R      mAP50  mAP50-95): 100% ━━━━━━━━━━━━ 15/15 11.3it/s 1.3s
                   all        461       1415     0.0692     0.0763     0.0195    0.00717

      Epoch    GPU_mem   box_loss   cls_loss   dfl_loss  Instances       Size
      15/80      4.42G      2.654      2.226      1.367         34        640: 100% ━━━━━━━━━━━━ 21/21 15.9it/s 1.3s
                 Class     Images  Instances      Box(P          R      mAP50  mAP50-95): 100% ━━━━━━━━━━━━ 15/15 12.0it/s 1.2s
                   all        461       1415     0.0606     0.0799     0.0163    0.00437

      Epoch    GPU_mem   box_loss   cls_loss   dfl_loss  Instances       Size
      16/80      4.42G       2.51      2.047       1.32         66        640: 100% ━━━━━━━━━━━━ 21/21 15.7it/s 1.3s
                 Class     Images  Instances      Box(P          R      mAP50  mAP50-95): 100% ━━━━━━━━━━━━ 15/15 11.9it/s 1.3s
                   all        461       1415     0.0989     0.0678     0.0321     0.0088

      Epoch    GPU_mem   box_loss   cls_loss   dfl_loss  Instances       Size
      17/80      4.42G      2.515      1.982      1.358         63        640: 100% ━━━━━━━━━━━━ 21/21 16.1it/s 1.3s
                 Class     Images  Instances      Box(P          R      mAP50  mAP50-95): 100% ━━━━━━━━━━━━ 15/15 11.8it/s 1.3s
                   all        461       1415     0.0661     0.0827     0.0197    0.00581

      Epoch    GPU_mem   box_loss   cls_loss   dfl_loss  Instances       Size
      18/80      4.42G      2.455       1.98      1.329         35        640: 100% ━━━━━━━━━━━━ 21/21 15.9it/s 1.3s
                 Class     Images  Instances      Box(P          R      mAP50  mAP50-95): 100% ━━━━━━━━━━━━ 15/15 11.4it/s 1.3s
                   all        461       1415      0.101     0.0982     0.0379     0.0111

      Epoch    GPU_mem   box_loss   cls_loss   dfl_loss  Instances       Size
      19/80      4.42G      2.444      1.982      1.272         54        640: 100% ━━━━━━━━━━━━ 21/21 15.6it/s 1.3s
                 Class     Images  Instances      Box(P          R      mAP50  mAP50-95): 100% ━━━━━━━━━━━━ 15/15 11.5it/s 1.3s
                   all        461       1415      0.126     0.0982     0.0484     0.0132

      Epoch    GPU_mem   box_loss   cls_loss   dfl_loss  Instances       Size
      20/80      4.42G      2.428      1.881      1.308         37        640: 100% ━━━━━━━━━━━━ 21/21 15.5it/s 1.4s
                 Class     Images  Instances      Box(P          R      mAP50  mAP50-95): 100% ━━━━━━━━━━━━ 15/15 11.5it/s 1.3s
                   all        461       1415     0.0958     0.0678     0.0225     0.0056

      Epoch    GPU_mem   box_loss   cls_loss   dfl_loss  Instances       Size
      21/80      4.42G       2.42      1.911      1.324         38        640: 100% ━━━━━━━━━━━━ 21/21 15.5it/s 1.4s
                 Class     Images  Instances      Box(P          R      mAP50  mAP50-95): 100% ━━━━━━━━━━━━ 15/15 11.9it/s 1.3s
                   all        461       1415      0.101      0.117     0.0343    0.00911

      Epoch    GPU_mem   box_loss   cls_loss   dfl_loss  Instances       Size
      22/80      4.42G      2.453      1.963       1.28         79        640: 100% ━━━━━━━━━━━━ 21/21 16.0it/s 1.3s
                 Class     Images  Instances      Box(P          R      mAP50  mAP50-95): 100% ━━━━━━━━━━━━ 15/15 11.7it/s 1.3s
                   all        461       1415       0.04     0.0353    0.00555    0.00129

      Epoch    GPU_mem   box_loss   cls_loss   dfl_loss  Instances       Size
      23/80      4.42G      2.397       1.93      1.282         35        640: 100% ━━━━━━━━━━━━ 21/21 16.0it/s 1.3s
                 Class     Images  Instances      Box(P          R      mAP50  mAP50-95): 100% ━━━━━━━━━━━━ 15/15 11.6it/s 1.3s
                   all        461       1415      0.141     0.0954     0.0416    0.00974

      Epoch    GPU_mem   box_loss   cls_loss   dfl_loss  Instances       Size
      24/80      4.42G      2.415      1.868      1.278         66        640: 100% ━━━━━━━━━━━━ 21/21 15.8it/s 1.3s
                 Class     Images  Instances      Box(P          R      mAP50  mAP50-95): 100% ━━━━━━━━━━━━ 15/15 11.9it/s 1.3s
                   all        461       1415     0.0993     0.0827     0.0295    0.00752

      Epoch    GPU_mem   box_loss   cls_loss   dfl_loss  Instances       Size
      25/80      4.42G      2.363      1.763       1.25         48        640: 100% ━━━━━━━━━━━━ 21/21 16.0it/s 1.3s
                 Class     Images  Instances      Box(P          R      mAP50  mAP50-95): 100% ━━━━━━━━━━━━ 15/15 12.1it/s 1.2s
                   all        461       1415     0.0756     0.0806     0.0246    0.00751

      Epoch    GPU_mem   box_loss   cls_loss   dfl_loss  Instances       Size
      26/80      4.42G      2.374      1.781      1.263         69        640: 100% ━━━━━━━━━━━━ 21/21 16.2it/s 1.3s
                 Class     Images  Instances      Box(P          R      mAP50  mAP50-95): 100% ━━━━━━━━━━━━ 15/15 12.2it/s 1.2s
                   all        461       1415     0.0773     0.0735     0.0258    0.00643

      Epoch    GPU_mem   box_loss   cls_loss   dfl_loss  Instances       Size
      27/80      4.42G      2.325      1.719      1.264         32        640: 100% ━━━━━━━━━━━━ 21/21 16.3it/s 1.3s
                 Class     Images  Instances      Box(P          R      mAP50  mAP50-95): 100% ━━━━━━━━━━━━ 15/15 11.8it/s 1.3s
                   all        461       1415      0.129       0.12      0.049     0.0124

      Epoch    GPU_mem   box_loss   cls_loss   dfl_loss  Instances       Size
      28/80      4.42G      2.359      1.808      1.307         54        640: 100% ━━━━━━━━━━━━ 21/21 16.1it/s 1.3s
                 Class     Images  Instances      Box(P          R      mAP50  mAP50-95): 100% ━━━━━━━━━━━━ 15/15 11.8it/s 1.3s
                   all        461       1415     0.0751     0.0926     0.0244    0.00688

      Epoch    GPU_mem   box_loss   cls_loss   dfl_loss  Instances       Size
      29/80      4.42G       2.35        1.8      1.261         57        640: 100% ━━━━━━━━━━━━ 21/21 16.0it/s 1.3s
                 Class     Images  Instances      Box(P          R      mAP50  mAP50-95): 100% ━━━━━━━━━━━━ 15/15 11.7it/s 1.3s
                   all        461       1415      0.123      0.153     0.0503     0.0134

      Epoch    GPU_mem   box_loss   cls_loss   dfl_loss  Instances       Size
      30/80      4.42G      2.235      1.747      1.235         35        640: 100% ━━━━━━━━━━━━ 21/21 15.7it/s 1.3s
                 Class     Images  Instances      Box(P          R      mAP50  mAP50-95): 100% ━━━━━━━━━━━━ 15/15 11.9it/s 1.3s
                   all        461       1415      0.178      0.151     0.0741     0.0219

      Epoch    GPU_mem   box_loss   cls_loss   dfl_loss  Instances       Size
      31/80      4.42G      2.321      1.696      1.215         70        640: 100% ━━━━━━━━━━━━ 21/21 15.9it/s 1.3s
                 Class     Images  Instances      Box(P          R      mAP50  mAP50-95): 100% ━━━━━━━━━━━━ 15/15 12.0it/s 1.2s
                   all        461       1415      0.174      0.126     0.0633     0.0185

      Epoch    GPU_mem   box_loss   cls_loss   dfl_loss  Instances       Size
      32/80      4.42G      2.298       1.71      1.218         56        640: 100% ━━━━━━━━━━━━ 21/21 16.0it/s 1.3s
                 Class     Images  Instances      Box(P          R      mAP50  mAP50-95): 100% ━━━━━━━━━━━━ 15/15 11.6it/s 1.3s
                   all        461       1415      0.138     0.0996     0.0501      0.015

      Epoch    GPU_mem   box_loss   cls_loss   dfl_loss  Instances       Size
      33/80      4.42G      2.257      1.607      1.234         44        640: 100% ━━━━━━━━━━━━ 21/21 15.8it/s 1.3s
                 Class     Images  Instances      Box(P          R      mAP50  mAP50-95): 100% ━━━━━━━━━━━━ 15/15 11.4it/s 1.3s
                   all        461       1415      0.167      0.109      0.056     0.0171

      Epoch    GPU_mem   box_loss   cls_loss   dfl_loss  Instances       Size
      34/80      4.42G      2.275      1.656      1.216         25        640: 100% ━━━━━━━━━━━━ 21/21 15.8it/s 1.3s
                 Class     Images  Instances      Box(P          R      mAP50  mAP50-95): 100% ━━━━━━━━━━━━ 15/15 11.7it/s 1.3s
                   all        461       1415      0.149     0.0933     0.0385     0.0124

      Epoch    GPU_mem   box_loss   cls_loss   dfl_loss  Instances       Size
      35/80      4.42G      2.301      1.629      1.272         22        640: 100% ━━━━━━━━━━━━ 21/21 16.0it/s 1.3s
                 Class     Images  Instances      Box(P          R      mAP50  mAP50-95): 100% ━━━━━━━━━━━━ 15/15 12.1it/s 1.2s
                   all        461       1415      0.203     0.0831     0.0617     0.0199

      Epoch    GPU_mem   box_loss   cls_loss   dfl_loss  Instances       Size
      36/80      4.42G      2.249      1.703      1.224         37        640: 100% ━━━━━━━━━━━━ 21/21 13.9it/s 1.5s
                 Class     Images  Instances      Box(P          R      mAP50  mAP50-95): 100% ━━━━━━━━━━━━ 15/15 11.7it/s 1.3s
                   all        461       1415      0.103     0.0806     0.0344     0.0111

      Epoch    GPU_mem   box_loss   cls_loss   dfl_loss  Instances       Size
      37/80      4.42G      2.274        1.7      1.227         54        640: 100% ━━━━━━━━━━━━ 21/21 15.3it/s 1.4s
                 Class     Images  Instances      Box(P          R      mAP50  mAP50-95): 100% ━━━━━━━━━━━━ 15/15 11.7it/s 1.3s
                   all        461       1415      0.137      0.114      0.045     0.0122

      Epoch    GPU_mem   box_loss   cls_loss   dfl_loss  Instances       Size
      38/80      4.42G      2.288      1.667      1.208         26        640: 100% ━━━━━━━━━━━━ 21/21 16.1it/s 1.3s
                 Class     Images  Instances      Box(P          R      mAP50  mAP50-95): 100% ━━━━━━━━━━━━ 15/15 11.9it/s 1.3s
                   all        461       1415      0.121     0.0905     0.0388     0.0115

      Epoch    GPU_mem   box_loss   cls_loss   dfl_loss  Instances       Size
      39/80      4.42G      2.238      1.646       1.26         63        640: 100% ━━━━━━━━━━━━ 21/21 15.8it/s 1.3s
                 Class     Images  Instances      Box(P          R      mAP50  mAP50-95): 100% ━━━━━━━━━━━━ 15/15 11.8it/s 1.3s
                   all        461       1415      0.123     0.0968     0.0479     0.0155

      Epoch    GPU_mem   box_loss   cls_loss   dfl_loss  Instances       Size
      40/80      4.42G      2.224      1.593      1.228         66        640: 100% ━━━━━━━━━━━━ 21/21 15.7it/s 1.3s
                 Class     Images  Instances      Box(P          R      mAP50  mAP50-95): 100% ━━━━━━━━━━━━ 15/15 11.9it/s 1.3s
                   all        461       1415      0.141      0.119     0.0549     0.0165

      Epoch    GPU_mem   box_loss   cls_loss   dfl_loss  Instances       Size
      41/80      4.42G       2.21      1.566      1.213         51        640: 100% ━━━━━━━━━━━━ 21/21 15.6it/s 1.3s
                 Class     Images  Instances      Box(P          R      mAP50  mAP50-95): 100% ━━━━━━━━━━━━ 15/15 11.3it/s 1.3s
                   all        461       1415      0.136      0.107     0.0436     0.0144

      Epoch    GPU_mem   box_loss   cls_loss   dfl_loss  Instances       Size
      42/80      4.42G      2.256       1.59      1.204         29        640: 100% ━━━━━━━━━━━━ 21/21 16.2it/s 1.3s
                 Class     Images  Instances      Box(P          R      mAP50  mAP50-95): 100% ━━━━━━━━━━━━ 15/15 11.7it/s 1.3s
                   all        461       1415      0.151      0.137     0.0569     0.0173

      Epoch    GPU_mem   box_loss   cls_loss   dfl_loss  Instances       Size
      43/80      4.42G      2.264      1.536      1.205         55        640: 100% ━━━━━━━━━━━━ 21/21 14.5it/s 1.4s
                 Class     Images  Instances      Box(P          R      mAP50  mAP50-95): 100% ━━━━━━━━━━━━ 15/15 11.7it/s 1.3s
                   all        461       1415      0.196       0.15     0.0785     0.0218

      Epoch    GPU_mem   box_loss   cls_loss   dfl_loss  Instances       Size
      44/80      4.42G      2.245      1.615      1.201         41        640: 100% ━━━━━━━━━━━━ 21/21 15.6it/s 1.3s
                 Class     Images  Instances      Box(P          R      mAP50  mAP50-95): 100% ━━━━━━━━━━━━ 15/15 11.6it/s 1.3s
                   all        461       1415       0.16      0.122     0.0598     0.0162

      Epoch    GPU_mem   box_loss   cls_loss   dfl_loss  Instances       Size
      45/80      4.42G      2.237      1.551      1.192         58        640: 100% ━━━━━━━━━━━━ 21/21 16.1it/s 1.3s
                 Class     Images  Instances      Box(P          R      mAP50  mAP50-95): 100% ━━━━━━━━━━━━ 15/15 11.7it/s 1.3s
                   all        461       1415      0.106      0.122     0.0425     0.0129

      Epoch    GPU_mem   box_loss   cls_loss   dfl_loss  Instances       Size
      46/80      4.42G      2.189      1.536      1.194         41        640: 100% ━━━━━━━━━━━━ 21/21 15.3it/s 1.4s
                 Class     Images  Instances      Box(P          R      mAP50  mAP50-95): 100% ━━━━━━━━━━━━ 15/15 11.8it/s 1.3s
                   all        461       1415      0.158       0.14     0.0702     0.0199

      Epoch    GPU_mem   box_loss   cls_loss   dfl_loss  Instances       Size
      47/80      4.42G      2.188      1.509        1.2         46        640: 100% ━━━━━━━━━━━━ 21/21 15.4it/s 1.4s
                 Class     Images  Instances      Box(P          R      mAP50  mAP50-95): 100% ━━━━━━━━━━━━ 15/15 11.9it/s 1.3s
                   all        461       1415      0.161      0.121      0.065     0.0175

      Epoch    GPU_mem   box_loss   cls_loss   dfl_loss  Instances       Size
      48/80      4.42G       2.16      1.557      1.168         41        640: 100% ━━━━━━━━━━━━ 21/21 15.6it/s 1.3s
                 Class     Images  Instances      Box(P          R      mAP50  mAP50-95): 100% ━━━━━━━━━━━━ 15/15 11.9it/s 1.3s
                   all        461       1415       0.15     0.0982     0.0503     0.0158

      Epoch    GPU_mem   box_loss   cls_loss   dfl_loss  Instances       Size
      49/80      4.42G      2.173      1.537      1.181         21        640: 100% ━━━━━━━━━━━━ 21/21 15.0it/s 1.4s
                 Class     Images  Instances      Box(P          R      mAP50  mAP50-95): 100% ━━━━━━━━━━━━ 15/15 11.9it/s 1.3s
                   all        461       1415      0.143      0.114     0.0478     0.0133

      Epoch    GPU_mem   box_loss   cls_loss   dfl_loss  Instances       Size
      50/80      4.42G      2.139      1.455      1.172         38        640: 100% ━━━━━━━━━━━━ 21/21 15.6it/s 1.3s
                 Class     Images  Instances      Box(P          R      mAP50  mAP50-95): 100% ━━━━━━━━━━━━ 15/15 12.0it/s 1.2s
                   all        461       1415      0.226      0.155     0.0847     0.0231

      Epoch    GPU_mem   box_loss   cls_loss   dfl_loss  Instances       Size
      51/80      4.42G      2.194      1.498      1.185         63        640: 100% ━━━━━━━━━━━━ 21/21 15.6it/s 1.3s
                 Class     Images  Instances      Box(P          R      mAP50  mAP50-95): 100% ━━━━━━━━━━━━ 15/15 12.2it/s 1.2s
                   all        461       1415      0.173      0.119     0.0687     0.0206

      Epoch    GPU_mem   box_loss   cls_loss   dfl_loss  Instances       Size
      52/80      4.42G      2.146      1.417      1.181         58        640: 100% ━━━━━━━━━━━━ 21/21 15.5it/s 1.4s
                 Class     Images  Instances      Box(P          R      mAP50  mAP50-95): 100% ━━━━━━━━━━━━ 15/15 12.0it/s 1.3s
                   all        461       1415      0.204      0.141      0.079     0.0231

      Epoch    GPU_mem   box_loss   cls_loss   dfl_loss  Instances       Size
      53/80      4.42G      2.117      1.414      1.161         37        640: 100% ━━━━━━━━━━━━ 21/21 15.4it/s 1.4s
                 Class     Images  Instances      Box(P          R      mAP50  mAP50-95): 100% ━━━━━━━━━━━━ 15/15 11.9it/s 1.3s
                   all        461       1415      0.138      0.138     0.0589      0.018

      Epoch    GPU_mem   box_loss   cls_loss   dfl_loss  Instances       Size
      54/80      4.42G      2.131      1.435      1.177         41        640: 100% ━━━━━━━━━━━━ 21/21 15.4it/s 1.4s
                 Class     Images  Instances      Box(P          R      mAP50  mAP50-95): 100% ━━━━━━━━━━━━ 15/15 11.6it/s 1.3s
                   all        461       1415      0.155       0.14     0.0559     0.0166

      Epoch    GPU_mem   box_loss   cls_loss   dfl_loss  Instances       Size
      55/80      4.42G      2.092      1.387      1.184         49        640: 100% ━━━━━━━━━━━━ 21/21 15.5it/s 1.4s
                 Class     Images  Instances      Box(P          R      mAP50  mAP50-95): 100% ━━━━━━━━━━━━ 15/15 11.8it/s 1.3s
                   all        461       1415      0.226      0.182      0.102     0.0303

      Epoch    GPU_mem   box_loss   cls_loss   dfl_loss  Instances       Size
      56/80      4.42G      2.083      1.417      1.176         40        640: 100% ━━━━━━━━━━━━ 21/21 15.2it/s 1.4s
                 Class     Images  Instances      Box(P          R      mAP50  mAP50-95): 100% ━━━━━━━━━━━━ 15/15 12.0it/s 1.3s
                   all        461       1415      0.195      0.136     0.0759     0.0219

      Epoch    GPU_mem   box_loss   cls_loss   dfl_loss  Instances       Size
      57/80      4.42G       2.13      1.467      1.169         58        640: 100% ━━━━━━━━━━━━ 21/21 15.3it/s 1.4s
                 Class     Images  Instances      Box(P          R      mAP50  mAP50-95): 100% ━━━━━━━━━━━━ 15/15 11.7it/s 1.3s
                   all        461       1415      0.191      0.169     0.0908     0.0268

      Epoch    GPU_mem   box_loss   cls_loss   dfl_loss  Instances       Size
      58/80      4.42G       2.09      1.422      1.149         55        640: 100% ━━━━━━━━━━━━ 21/21 15.4it/s 1.4s
                 Class     Images  Instances      Box(P          R      mAP50  mAP50-95): 100% ━━━━━━━━━━━━ 15/15 11.6it/s 1.3s
                   all        461       1415      0.186      0.151     0.0811     0.0249

      Epoch    GPU_mem   box_loss   cls_loss   dfl_loss  Instances       Size
      59/80      4.42G      2.126      1.375      1.174         53        640: 100% ━━━━━━━━━━━━ 21/21 15.6it/s 1.3s
                 Class     Images  Instances      Box(P          R      mAP50  mAP50-95): 100% ━━━━━━━━━━━━ 15/15 11.8it/s 1.3s
                   all        461       1415      0.159      0.134     0.0657     0.0204

      Epoch    GPU_mem   box_loss   cls_loss   dfl_loss  Instances       Size
      60/80      4.42G      2.132      1.412      1.157         86        640: 100% ━━━━━━━━━━━━ 21/21 15.3it/s 1.4s
                 Class     Images  Instances      Box(P          R      mAP50  mAP50-95): 100% ━━━━━━━━━━━━ 15/15 11.7it/s 1.3s
                   all        461       1415      0.172      0.146     0.0611      0.017

      Epoch    GPU_mem   box_loss   cls_loss   dfl_loss  Instances       Size
      61/80      4.42G      2.134       1.43      1.198         63        640: 100% ━━━━━━━━━━━━ 21/21 15.3it/s 1.4s
                 Class     Images  Instances      Box(P          R      mAP50  mAP50-95): 100% ━━━━━━━━━━━━ 15/15 11.9it/s 1.3s
                   all        461       1415      0.129      0.131     0.0413     0.0131

      Epoch    GPU_mem   box_loss   cls_loss   dfl_loss  Instances       Size
      62/80      4.42G      2.102      1.398      1.147         68        640: 100% ━━━━━━━━━━━━ 21/21 15.2it/s 1.4s
                 Class     Images  Instances      Box(P          R      mAP50  mAP50-95): 100% ━━━━━━━━━━━━ 15/15 11.9it/s 1.3s
                   all        461       1415      0.202      0.175     0.0877      0.024

      Epoch    GPU_mem   box_loss   cls_loss   dfl_loss  Instances       Size
      63/80      4.42G      2.034      1.338      1.156         41        640: 100% ━━━━━━━━━━━━ 21/21 16.1it/s 1.3s
                 Class     Images  Instances      Box(P          R      mAP50  mAP50-95): 100% ━━━━━━━━━━━━ 15/15 12.0it/s 1.3s
                   all        461       1415      0.214      0.167     0.0931     0.0269

      Epoch    GPU_mem   box_loss   cls_loss   dfl_loss  Instances       Size
      64/80      4.42G      2.094      1.321      1.155         26        640: 100% ━━━━━━━━━━━━ 21/21 16.3it/s 1.3s
                 Class     Images  Instances      Box(P          R      mAP50  mAP50-95): 100% ━━━━━━━━━━━━ 15/15 12.1it/s 1.2s
                   all        461       1415      0.235      0.168     0.0891     0.0234

      Epoch    GPU_mem   box_loss   cls_loss   dfl_loss  Instances       Size
      65/80      4.42G      2.078      1.385      1.176         31        640: 100% ━━━━━━━━━━━━ 21/21 16.3it/s 1.3s
                 Class     Images  Instances      Box(P          R      mAP50  mAP50-95): 100% ━━━━━━━━━━━━ 15/15 12.2it/s 1.2s
                   all        461       1415      0.235      0.157     0.0884     0.0238

      Epoch    GPU_mem   box_loss   cls_loss   dfl_loss  Instances       Size
      66/80      4.42G      2.061      1.349      1.148         35        640: 100% ━━━━━━━━━━━━ 21/21 15.3it/s 1.4s
                 Class     Images  Instances      Box(P          R      mAP50  mAP50-95): 100% ━━━━━━━━━━━━ 15/15 11.9it/s 1.3s
                   all        461       1415      0.223      0.151      0.085     0.0248

      Epoch    GPU_mem   box_loss   cls_loss   dfl_loss  Instances       Size
      67/80      4.42G      2.078      1.328      1.166         58        640: 100% ━━━━━━━━━━━━ 21/21 15.8it/s 1.3s
                 Class     Images  Instances      Box(P          R      mAP50  mAP50-95): 100% ━━━━━━━━━━━━ 15/15 11.8it/s 1.3s
                   all        461       1415       0.24      0.154     0.0896     0.0269

      Epoch    GPU_mem   box_loss   cls_loss   dfl_loss  Instances       Size
      68/80      4.42G      2.038       1.31      1.113         54        640: 100% ━━━━━━━━━━━━ 21/21 15.5it/s 1.4s
                 Class     Images  Instances      Box(P          R      mAP50  mAP50-95): 100% ━━━━━━━━━━━━ 15/15 11.6it/s 1.3s
                   all        461       1415      0.198      0.139     0.0779     0.0245

      Epoch    GPU_mem   box_loss   cls_loss   dfl_loss  Instances       Size
      69/80      4.42G      2.061       1.36      1.148         71        640: 100% ━━━━━━━━━━━━ 21/21 16.0it/s 1.3s
                 Class     Images  Instances      Box(P          R      mAP50  mAP50-95): 100% ━━━━━━━━━━━━ 15/15 11.6it/s 1.3s
                   all        461       1415      0.216       0.16      0.087     0.0278

      Epoch    GPU_mem   box_loss   cls_loss   dfl_loss  Instances       Size
      70/80      4.42G      2.009      1.267      1.143         35        640: 100% ━━━━━━━━━━━━ 21/21 15.1it/s 1.4s
                 Class     Images  Instances      Box(P          R      mAP50  mAP50-95): 100% ━━━━━━━━━━━━ 15/15 11.8it/s 1.3s
                   all        461       1415      0.224      0.188      0.106     0.0327
Closing dataloader mosaic

      Epoch    GPU_mem   box_loss   cls_loss   dfl_loss  Instances       Size
      71/80      4.42G      1.935      1.201      1.162         33        640: 100% ━━━━━━━━━━━━ 21/21 9.8it/s 2.1s
                 Class     Images  Instances      Box(P          R      mAP50  mAP50-95): 100% ━━━━━━━━━━━━ 15/15 11.7it/s 1.3s
                   all        461       1415      0.228      0.171      0.103     0.0311

      Epoch    GPU_mem   box_loss   cls_loss   dfl_loss  Instances       Size
      72/80      4.42G      1.918      1.182      1.148         23        640: 100% ━━━━━━━━━━━━ 21/21 15.3it/s 1.4s
                 Class     Images  Instances      Box(P          R      mAP50  mAP50-95): 100% ━━━━━━━━━━━━ 15/15 11.9it/s 1.3s
                   all        461       1415      0.213      0.151     0.0833      0.025

      Epoch    GPU_mem   box_loss   cls_loss   dfl_loss  Instances       Size
      73/80      4.42G      1.899      1.152      1.164         18        640: 100% ━━━━━━━━━━━━ 21/21 15.9it/s 1.3s
                 Class     Images  Instances      Box(P          R      mAP50  mAP50-95): 100% ━━━━━━━━━━━━ 15/15 12.0it/s 1.3s
                   all        461       1415      0.226      0.163     0.0966     0.0276

      Epoch    GPU_mem   box_loss   cls_loss   dfl_loss  Instances       Size
      74/80      4.42G      1.877      1.135      1.133         37        640: 100% ━━━━━━━━━━━━ 21/21 15.1it/s 1.4s
                 Class     Images  Instances      Box(P          R      mAP50  mAP50-95): 100% ━━━━━━━━━━━━ 15/15 12.0it/s 1.2s
                   all        461       1415      0.203      0.178     0.0971     0.0264

      Epoch    GPU_mem   box_loss   cls_loss   dfl_loss  Instances       Size
      75/80      4.42G       1.84      1.087      1.122         23        640: 100% ━━━━━━━━━━━━ 21/21 15.3it/s 1.4s
                 Class     Images  Instances      Box(P          R      mAP50  mAP50-95): 100% ━━━━━━━━━━━━ 15/15 11.8it/s 1.3s
                   all        461       1415      0.177      0.166     0.0839      0.024

      Epoch    GPU_mem   box_loss   cls_loss   dfl_loss  Instances       Size
      76/80      4.42G       1.85      1.066      1.116         25        640: 100% ━━━━━━━━━━━━ 21/21 15.0it/s 1.4s
                 Class     Images  Instances      Box(P          R      mAP50  mAP50-95): 100% ━━━━━━━━━━━━ 15/15 12.1it/s 1.2s
                   all        461       1415      0.216      0.152     0.0894     0.0268

      Epoch    GPU_mem   box_loss   cls_loss   dfl_loss  Instances       Size
      77/80      4.42G      1.882      1.101      1.142         27        640: 100% ━━━━━━━━━━━━ 21/21 15.1it/s 1.4s
                 Class     Images  Instances      Box(P          R      mAP50  mAP50-95): 100% ━━━━━━━━━━━━ 15/15 12.1it/s 1.2s
                   all        461       1415      0.233      0.156     0.0963     0.0284

      Epoch    GPU_mem   box_loss   cls_loss   dfl_loss  Instances       Size
      78/80      4.42G      1.819      1.074       1.11         30        640: 100% ━━━━━━━━━━━━ 21/21 15.5it/s 1.4s
                 Class     Images  Instances      Box(P          R      mAP50  mAP50-95): 100% ━━━━━━━━━━━━ 15/15 12.0it/s 1.3s
                   all        461       1415      0.256      0.149     0.0905     0.0267

      Epoch    GPU_mem   box_loss   cls_loss   dfl_loss  Instances       Size
      79/80      4.42G       1.88      1.099      1.129         22        640: 100% ━━━━━━━━━━━━ 21/21 16.3it/s 1.3s
                 Class     Images  Instances      Box(P          R      mAP50  mAP50-95): 100% ━━━━━━━━━━━━ 15/15 12.0it/s 1.3s
                   all        461       1415       0.24      0.143     0.0863     0.0252

      Epoch    GPU_mem   box_loss   cls_loss   dfl_loss  Instances       Size
      80/80      4.42G        1.8      1.048      1.088         25        640: 100% ━━━━━━━━━━━━ 21/21 15.7it/s 1.3s
                 Class     Images  Instances      Box(P          R      mAP50  mAP50-95): 100% ━━━━━━━━━━━━ 15/15 12.1it/s 1.2s
                   all        461       1415      0.253      0.144     0.0887     0.0261

80 epochs completed in 0.075 hours.
Optimizer stripped from /workspace/gv_out/tower_v0/weights/last.pt, 22.5MB
Optimizer stripped from /workspace/gv_out/tower_v0/weights/best.pt, 22.5MB

Validating /workspace/gv_out/tower_v0/weights/best.pt...
Ultralytics 8.4.90 🚀 Python-3.10.12 torch-2.1.0+cu118 CUDA:0 (NVIDIA GeForce RTX 4090, 24110MiB)
Model summary (fused): 73 layers, 11,125,971 parameters, 0 gradients, 28.4 GFLOPs
                 Class     Images  Instances      Box(P          R      mAP50  mAP50-95): 100% ━━━━━━━━━━━━ 15/15 6.1it/s 2.4s
                   all        461       1415      0.224      0.188      0.107     0.0327
Speed: 0.1ms preprocess, 0.7ms inference, 0.0ms loss, 2.7ms postprocess per image
Results saved to [1m/workspace/gv_out/tower_v0[0m
[train] weight upload: {"ok": false, "url": null, "host": null, "size_bytes": 22525667, "retention_days_est": null, "errors": [{"host": "https://0x0.st", "error": "<HTTPError 503: 'Service Temporarily Unavailable'>"}, {"host": "https://transfer.sh", "error": "URLError(OSError(101, 'Network is unreachable'))"}]}
GRIDVISION_RESULT {"dataset": {"boxes": {"train": 1055, "val": 1415}, "classes": ["tower"], "data_yaml": "/workspace/gv_out/dataset/data.yaml", "downsample_factor": 2.0, "holdout_region": "USA_KS_Colwich_Maize", "images": {"train": 330, "val": 461}, "n_images": 74, "n_train_images": 26, "n_val_images": 48, "skipped_no_image": 0, "split_mode": "holdout_region", "stride": 512, "tile": 640, "tiles_empty_skipped": 1345}, "gridvision_train_result": true, "metrics": {"map50": 0.10650595860814159, "map50_95": 0.03274040084828351, "precision": 0.22386015334883042, "raw": {"fitness": 0.03274040084828351, "metrics/mAP50(B)": 0.10650595860814159, "metrics/mAP50-95(B)": 0.03274040084828351, "metrics/precision(B)": 0.22386015334883042, "metrics/recall(B)": 0.1879858657243816}, "recall": 0.1879858657243816}, "weight_sink": {"errors": [{"error": "<HTTPError 503: 'Service Temporarily Unavailable'>", "host": "https://0x0.st"}, {"error": "URLError(OSError(101, 'Network is unreachable'))", "host": "https://transfer.sh"}], "host": null, "ok": false, "retention_days_est": null, "size_bytes": 22525667, "url": null}, "weight_url": null}
